
Lenovo@Lenovo-PC MINGW64 /f/Git001 (master)
$ git status
On branch master
Your branch is up to date with 'origin/master'.

Untracked files:
  (use "git add <file>..." to include in what will be committed)
        text001.txt

nothing added to commit but untracked files present (use "git add" to track)

Lenovo@Lenovo-PC MINGW64 /f/Git001 (master)
$ git add test001.txt
fatal: pathspec 'test001.txt' did not match any files

Lenovo@Lenovo-PC MINGW64 /f/Git001 (master)
$ git add text001.txt

Lenovo@Lenovo-PC MINGW64 /f/Git001 (master)
$ git commit -m "add text001 file"
[master 1c9091e] add text001 file
 1 file changed, 0 insertions(+), 0 deletions(-)
 create mode 100644 text001.txt

Lenovo@Lenovo-PC MINGW64 /f/Git001 (master)
$ git push -u origin master
Enumerating objects: 4, done.
Counting objects: 100% (4/4), done.
Delta compression using up to 4 threads
Compressing objects: 100% (2/2), done.
Writing objects: 100% (3/3), 286 bytes | 286.00 KiB/s, done.
Total 3 (delta 0), reused 0 (delta 0)
To https://github.com/Nyanhtet-Bat/profile-0001.git
   2db2278..1c9091e  master -> master
Branch 'master' set up to track remote branch 'master' from 'origin'.

Lenovo@Lenovo-PC MINGW64 /f/Git001 (master)
$
