Lenovo@Lenovo-PC MINGW64 /f/Git001
$ git init
Initialized empty Git repository in F:/Git001/.git/

Lenovo@Lenovo-PC MINGW64 /f/Git001 (master)
$ git status
On branch master

No commits yet

Untracked files:
  (use "git add <file>..." to include in what will be committed)
        testGit001.java

nothing added to commit but untracked files present (use "git add" to track)

Lenovo@Lenovo-PC MINGW64 /f/Git001 (master)
$ git add testGit001.java

Lenovo@Lenovo-PC MINGW64 /f/Git001 (master)
$ git status
On branch master

No commits yet

Changes to be committed:
  (use "git rm --cached <file>..." to unstage)
        new file:   testGit001.java


Lenovo@Lenovo-PC MINGW64 /f/Git001 (master)
$ git rm --cached testGit001.java
rm 'testGit001.java'

Lenovo@Lenovo-PC MINGW64 /f/Git001 (master)
$ git status
On branch master

No commits yet

Untracked files:
  (use "git add <file>..." to include in what will be committed)
        testGit001.java

nothing added to commit but untracked files present (use "git add" to track)

Lenovo@Lenovo-PC MINGW64 /f/Git001 (master)
$ git add testGit001.java

Lenovo@Lenovo-PC MINGW64 /f/Git001 (master)
$ git status
On branch master

No commits yet

Changes to be committed:
  (use "git rm --cached <file>..." to unstage)
        new file:   testGit001.java


Lenovo@Lenovo-PC MINGW64 /f/Git001 (master)
$ git commit -m "First Commit"

*** Please tell me who you are.

Run

  git config --global user.email "you@example.com"
  git config --global user.name "Your Name"

to set your account's default identity.
Omit --global to set the identity only in this repository.

fatal: unable to auto-detect email address (got 'Lenovo@Lenovo-PC.(none)')

Lenovo@Lenovo-PC MINGW64 /f/Git001 (master)
$  git config --global user.email "you@example.com"

Lenovo@Lenovo-PC MINGW64 /f/Git001 (master)
$   git config --global user.email "happilyboyever@gmail.com"

Lenovo@Lenovo-PC MINGW64 /f/Git001 (master)
$ git commit -m "First Commit"
[master (root-commit) 2db2278] First Commit
 1 file changed, 3 insertions(+)
 create mode 100644 testGit001.java

Lenovo@Lenovo-PC MINGW64 /f/Git001 (master)
$ git status
On branch master
nothing to commit, working tree clean

Lenovo@Lenovo-PC MINGW64 /f/Git001 (master)
$ git remote add origin https://github.com/Nyanhtet-Bat/profile-0001.git

Lenovo@Lenovo-PC MINGW64 /f/Git001 (master)
$ git push -u origin master

git status
Enumerating objects: 3, done.
Counting objects: 100% (3/3), done.
Delta compression using up to 4 threads
Compressing objects: 100% (2/2), done.
Writing objects: 100% (3/3), 311 bytes | 311.00 KiB/s, done.
Total 3 (delta 0), reused 0 (delta 0)
To https://github.com/Nyanhtet-Bat/profile-0001.git
 * [new branch]      master -> master
Branch 'master' set up to track remote branch 'master' from 'origin'.

Lenovo@Lenovo-PC MINGW64 /f/Git001 (master)
$

Lenovo@Lenovo-PC MINGW64 /f/Git001 (master)
$ git status
On branch master
Your branch is up to date with 'origin/master'.

nothing to commit, working tree clean

Lenovo@Lenovo-PC MINGW64 /f/Git001 (master)
$ git status
On branch master
Your branch is up to date with 'origin/master'.

nothing to commit, working tree clean

Lenovo@Lenovo-PC MINGW64 /f/Git001 (master)
